[INFO] Scanning for projects...
[INFO] 
[INFO] -------------------------< com.hrm:hrm-system >-------------------------
[INFO] Building HRM System 1.0.0
[INFO]   from pom.xml
[INFO] --------------------------------[ jar ]---------------------------------
[INFO] 
[INFO] --- resources:3.3.1:resources (default-resources) @ hrm-system ---
[INFO] Copying 44 resources from src\main\resources to target\classes
[INFO] 
[INFO] --- compiler:3.11.0:compile (default-compile) @ hrm-system ---
[INFO] Nothing to compile - all classes are up to date
[INFO] 
[INFO] --- resources:3.3.1:testResources (default-testResources) @ hrm-system ---
[INFO] skip non existing resourceDirectory C:\Users\GCV\Projects\hrmsystem\src\test\resources
[INFO] 
[INFO] --- compiler:3.11.0:testCompile (default-testCompile) @ hrm-system ---
[INFO] Nothing to compile - all classes are up to date
[INFO] 
[INFO] --- surefire:3.1.2:test (default-test) @ hrm-system ---
[INFO] Using auto detected provider org.apache.maven.surefire.junitplatform.JUnitPlatformProvider
[INFO] 
[INFO] -------------------------------------------------------
[INFO]  T E S T S
[INFO] -------------------------------------------------------
[INFO] Running com.hrm.hrmsystem.DebugDataTest
Standard Commons Logging discovery in action with spring-jcl: please remove commons-logging.jar from classpath in order to avoid potential conflicts
10:42:27.021 [main] INFO org.springframework.test.context.support.AnnotationConfigContextLoaderUtils -- Could not detect default configuration classes for test class [com.hrm.hrmsystem.DebugDataTest]: DebugDataTest does not declare any static, non-private, non-final, nested classes annotated with @Configuration.
10:42:27.170 [main] INFO org.springframework.boot.test.context.SpringBootTestContextBootstrapper -- Found @SpringBootConfiguration com.hrm.hrmsystem.HrmsystemApplication for test class com.hrm.hrmsystem.DebugDataTest
10:42:27.572 [main] INFO org.springframework.boot.devtools.restart.RestartApplicationListener -- Restart disabled due to context in which it is running

  .   ____          _            __ _ _
 /\\ / ___'_ __ _ _(_)_ __  __ _ \ \ \ \
( ( )\___ | '_ | '_| | '_ \/ _` | \ \ \ \
 \\/  ___)| |_)| | | | | || (_| |  ) ) ) )
  '  |____| .__|_| |_|_| |_\__, | / / / /
 =========|_|==============|___/=/_/_/_/
 :: Spring Boot ::                (v3.2.0)

2026-05-14 10:42:28.303 [main] INFO  com.hrm.hrmsystem.DebugDataTest - Starting DebugDataTest using Java 17.0.12 with PID 20804 (started by GCV in C:\Users\GCV\Projects\hrmsystem)
2026-05-14 10:42:28.306 [main] INFO  com.hrm.hrmsystem.DebugDataTest - No active profile set, falling back to 1 default profile: "default"
2026-05-14 10:42:30.405 [main] INFO  o.s.d.r.c.RepositoryConfigurationDelegate - Bootstrapping Spring Data JPA repositories in DEFAULT mode.
2026-05-14 10:42:30.609 [main] INFO  o.s.d.r.c.RepositoryConfigurationDelegate - Finished Spring Data repository scanning in 188 ms. Found 15 JPA repository interfaces.
2026-05-14 10:42:32.565 [main] INFO  o.s.o.j.p.SpringPersistenceUnitInfo - No LoadTimeWeaver setup: ignoring JPA class transformer
2026-05-14 10:42:32.639 [main] INFO  com.zaxxer.hikari.HikariDataSource - HikariCP - Starting...
2026-05-14 10:42:33.167 [main] INFO  com.zaxxer.hikari.pool.HikariPool - HikariCP - Added connection com.mysql.cj.jdbc.ConnectionImpl@2f4545c6
2026-05-14 10:42:33.168 [main] INFO  com.zaxxer.hikari.HikariDataSource - HikariCP - Start completed.
2026-05-14 10:42:33.276 [main] WARN  org.hibernate.orm.deprecation - HHH90000025: MySQLDialect does not need to be specified explicitly using 'hibernate.dialect' (remove the property setting and it will be selected by default)
2026-05-14 10:42:35.576 [main] INFO  o.s.o.j.LocalContainerEntityManagerFactoryBean - Initialized JPA EntityManagerFactory for persistence unit 'default'
2026-05-14 10:42:36.465 [main] INFO  o.s.d.j.r.query.QueryEnhancerFactory - Hibernate is in classpath; If applicable, HQL parser will be Used Leaves.
=== DATABASE SCHEMA SERVICE STARTED ===
Checking if address column exists in employees table...
Address column count: 1
Address column already exists in employees table.
Current employees table structure:
id | bigint | NO
address | varchar(255) | YES
designation | varchar(255) | YES
email | varchar(255) | NO
first_name | varchar(255) | NO
joining_date | date | YES
last_name | varchar(255) | NO
phone | varchar(255) | YES
gender | enum('MALE','FEMALE','OTHER') | YES
salary | decimal(38,2) | YES
status | enum('ACTIVE','INACTIVE','ON_LEAVE','TERMINATED') | YES
department_id | bigint | YES
basic_salary | decimal(38,2) | YES
da | decimal(38,2) | YES
hra | decimal(38,2) | YES
other_allowance | decimal(38,2) | YES
pf | decimal(38,2) | YES
tax | decimal(38,2) | YES
created_at | timestamp | YES
updated_at | timestamp | YES
probation_period_months | int | YES
shift_id | bigint | YES
insurance | decimal(38,2) | YES
insurance_name | varchar(255) | YES
insurance_percentage | double | YES
monthly_leave_credit | double | YES
annual_tax | double | YES
pf_percentage | double | YES
probation_confirmed_by | varchar(255) | YES
probation_confirmed_date | date | YES
probation_notes | varchar(500) | YES
probation_status | enum('PROBATION','CONFIRMED','EXTENDED') | YES
=== DATABASE SCHEMA SERVICE COMPLETED ===
2026-05-14 10:42:39.673 [main] INFO  o.s.b.a.w.s.WelcomePageHandlerMapping - Adding welcome page: class path resource [static/index.html]
2026-05-14 10:42:40.521 [main] INFO  o.s.b.a.e.web.EndpointLinksResolver - Exposing 3 endpoint(s) beneath base path '/actuator'
2026-05-14 10:42:40.640 [main] INFO  o.s.s.web.DefaultSecurityFilterChain - Will secure any request with [org.springframework.security.web.session.DisableEncodeUrlFilter@6b7d4670, org.springframework.security.web.context.request.async.WebAsyncManagerIntegrationFilter@7336fae3, org.springframework.security.web.context.SecurityContextHolderFilter@5eb11bb7, org.springframework.security.web.header.HeaderWriterFilter@1d1071bb, org.springframework.web.filter.CorsFilter@79e7f5b1, org.springframework.web.filter.CorsFilter@45dbf4f6, org.springframework.security.web.authentication.logout.LogoutFilter@57d1cbb1, com.hrm.hrmsystem.config.JwtAuthenticationFilter@4d05b931, org.springframework.security.web.savedrequest.RequestCacheAwareFilter@4ba25170, org.springframework.security.web.servletapi.SecurityContextHolderAwareRequestFilter@38b14624, org.springframework.security.web.authentication.AnonymousAuthenticationFilter@449464fb, org.springframework.security.web.session.SessionManagementFilter@59889208, org.springframework.security.web.access.ExceptionTranslationFilter@39211108, org.springframework.security.web.access.intercept.AuthorizationFilter@57679860]
2026-05-14 10:42:42.281 [main] INFO  com.hrm.hrmsystem.DebugDataTest - Started DebugDataTest in 14.739 seconds (process running for 16.312)
Employees already exist (7 records)
Checking and fixing NULL salary components...
? Created/updated admin user (admin / Sachin@123)
? Created/updated hradmin user (hradmin / Sachin@123)
? Created/updated accountant user (accountant / Sachin@123)
? Updated user for employee: rakesh@gmail.com (password preserved)
? Updated user for employee: Enego@gmail.com (password preserved)
? Updated user for employee: sharmaa@gmail.com (password preserved)
? Updated user for employee: jon@gmail.com (password preserved)
? Updated user for employee: kumar@gmail.com (password preserved)
? Updated user for employee: skvbca32@gmail.com (password preserved)
? Updated user for employee: Aktiwari@gmail.com (password preserved)
? User initialization complete!
  - Admin: admin / Sachin@123
  - HR Admin: hradmin / Sachin@123
  - Accountant: accountant / Sachin@123
  - Employees: 0 created, 7 updated (email / Sachin@123)
  NOTE: Employees can change their password after first login
DEBUG: Attendance records for 2026-05-14: 0
=== DEBUG DATA FOR ANUBHAV ===
Found: Anubhav sharma, ID: 16
Joining Date: 2025-10-05

All Leaves:
Leave ID: 5, Status: APPROVED, Dates: 2026-04-30 to 2026-04-30, TotalDays: 1.0, PaidDays: 1.0, UnpaidDays: 0.0
Leave ID: 6, Status: APPROVED, Dates: 2026-05-01 to 2026-05-04, TotalDays: 3.0, PaidDays: 3.0, UnpaidDays: 0.0
Leave ID: 10, Status: APPROVED, Dates: 2026-05-06 to 2026-05-10, TotalDays: 4.0, PaidDays: 3.5, UnpaidDays: 0.5

=== CYCLE 1 (May 2026) ===
2026-05-14 10:42:44.461 [main] INFO  c.h.h.engine.AttendanceEngine - Leave calculation DEBUG - Employee 16: joining=2025-10-05, completed=2026-01-05, leaveStart=2026-01, cycleStart=2026-01, earnedMonths=5, earned=7.5
2026-05-14 10:42:44.478 [main] INFO  c.h.h.engine.AttendanceEngine - Leave calculation DEBUG - Employee 16: Used LeavesPaid=7.0, unpaid=1.0, remaining=0.5
Earned Leaves: 7.5
Used Leaves (Paid): 7.0
Unpaid Leaves: 1.0
Remaining Balance: 0.5

=== CYCLE 1 (June 2026) ===
2026-05-14 10:42:44.481 [main] INFO  c.h.h.engine.AttendanceEngine - Leave calculation DEBUG - Employee 16: joining=2025-10-05, completed=2026-01-05, leaveStart=2026-01, cycleStart=2026-01, earnedMonths=6, earned=9.0
2026-05-14 10:42:44.497 [main] INFO  c.h.h.engine.AttendanceEngine - Leave calculation DEBUG - Employee 16: Used LeavesPaid=7.0, unpaid=1.0, remaining=2.0
Earned Leaves: 9.0
Used Leaves (Paid): 7.0
Unpaid Leaves: 1.0
Remaining Balance: 2.0
=== END DEBUG DATA ===
[INFO] Tests run: 1, Failures: 0, Errors: 0, Skipped: 0, Time elapsed: 17.74 s -- in com.hrm.hrmsystem.DebugDataTest
[INFO] 
[INFO] Results:
[INFO] 
[INFO] Tests run: 1, Failures: 0, Errors: 0, Skipped: 0
[INFO] 
[INFO] ------------------------------------------------------------------------
[INFO] BUILD SUCCESS
[INFO] ------------------------------------------------------------------------
[INFO] Total time:  21.605 s
[INFO] Finished at: 2026-05-14T10:42:44+05:30
[INFO] ------------------------------------------------------------------------
